// Vitest Snapshot v1, https://vitest.dev/guide/snapshot.html

exports[`should display help message 1`] = `
"Usage: run-run format|fmt [options]

format the code ðŸŽ¨

Options:
  -c, --check  check if the code is formatted (default: true)
  -f, --fix    format all the code
  -h, --help   display help for command

Under the hood, this command uses the biome CLI to format the code.
"
`;
