// Vitest Snapshot v1, https://vitest.dev/guide/snapshot.html

exports[`should display help message 1`] = `
"Usage: run-run lint [options]

lint the code ðŸ§¹

Options:
  -c, --check  check if the code is valid (default: true)
  -f, --fix    try to fix all the code
  -h, --help   display help for command

Under the hood, this command uses the biome CLI to lint the code.
"
`;
